<!doctype html public "-//w3c//dtd html 4.0 transitional//en">
<html><head>
<title>Static Call Graph - [E:\v25he4p4\ARM\major_test\major_tes_2.axf]</title></head>
<body><HR>
<H1>Static Call Graph for image E:\v25he4p4\ARM\major_test\major_tes_2.axf</H1><HR>
<BR><P>#&#060CALLGRAPH&#062# ARM Linker, 4.1 [Build 481]: Last Updated: Fri Apr 24 08:58:29 2026
<BR><P>
<H3>Maximum Stack Usage =        192 bytes + Unknown(Functions without stacksize, Cycles, Untraceable Function Pointers)</H3><H3>
Call chain for Maximum Stack Depth:</H3>
main &rArr; menu &rArr; update_data &rArr; esp01_sendToThingspeak &rArr; int_uart &rArr; __aeabi_idivmod
<P>
<H3>
Functions with no stack information
</H3><UL>
 <LI><a href="#[3]">Reset_Handler</a>
 <LI><a href="#[5e]">__user_initial_stackheap</a>
 <LI><a href="#[4]">Undef_Handler</a>
 <LI><a href="#[5]">SWI_Handler</a>
 <LI><a href="#[6]">PAbt_Handler</a>
 <LI><a href="#[7]">DAbt_Handler</a>
 <LI><a href="#[8]">IRQ_Handler</a>
 <LI><a href="#[9]">FIQ_Handler</a>
</UL>
</UL>
<P>
<H3>
Mutually Recursive functions
</H3> <LI><a href="#[4]">Undef_Handler</a>&nbsp;&nbsp;&nbsp;&rArr;&nbsp;&nbsp;&nbsp;<a href="#[4]">Undef_Handler</a><BR>
 <LI><a href="#[5]">SWI_Handler</a>&nbsp;&nbsp;&nbsp;&rArr;&nbsp;&nbsp;&nbsp;<a href="#[5]">SWI_Handler</a><BR>
 <LI><a href="#[6]">PAbt_Handler</a>&nbsp;&nbsp;&nbsp;&rArr;&nbsp;&nbsp;&nbsp;<a href="#[6]">PAbt_Handler</a><BR>
 <LI><a href="#[7]">DAbt_Handler</a>&nbsp;&nbsp;&nbsp;&rArr;&nbsp;&nbsp;&nbsp;<a href="#[7]">DAbt_Handler</a><BR>
 <LI><a href="#[8]">IRQ_Handler</a>&nbsp;&nbsp;&nbsp;&rArr;&nbsp;&nbsp;&nbsp;<a href="#[8]">IRQ_Handler</a><BR>
 <LI><a href="#[9]">FIQ_Handler</a>&nbsp;&nbsp;&nbsp;&rArr;&nbsp;&nbsp;&nbsp;<a href="#[9]">FIQ_Handler</a><BR>
</UL>
<P>
<H3>
Function Pointers
</H3><UL>
 <LI><a href="#[3]">Reset_Handler</a> from startup.o(RESET) referenced from startup.o(RESET)
 <LI><a href="#[4]">Undef_Handler</a> from startup.o(RESET) referenced from startup.o(RESET)
 <LI><a href="#[5]">SWI_Handler</a> from startup.o(RESET) referenced from startup.o(RESET)
 <LI><a href="#[6]">PAbt_Handler</a> from startup.o(RESET) referenced from startup.o(RESET)
 <LI><a href="#[7]">DAbt_Handler</a> from startup.o(RESET) referenced from startup.o(RESET)
 <LI><a href="#[8]">IRQ_Handler</a> from startup.o(RESET) referenced from startup.o(RESET)
 <LI><a href="#[9]">FIQ_Handler</a> from startup.o(RESET) referenced from startup.o(RESET)
 <LI><a href="#[d]">__main</a> from __main.o(!!!main) referenced from startup.o(RESET)
 <LI><a href="#[b]">main</a> from adc_rtc_main.o(.text) referenced from rtentry2.o(.ARM.Collect$$rtentry$$0000000D)
 <LI><a href="#[c]">sw_pressed</a> from adc_rtc_main.o(.text) referenced from interrupt.o(.text)
 <LI><a href="#[53]">key_val</a> from keypad.o(.text) referenced from esp01_call.o(.text)
 <LI><a href="#[44]">update_data</a> from esp01_call.o(.text) referenced 2 times from esp01_call.o(.text)
 <LI><a href="#[5a]">uart_rx</a> from uart_main.o(.text) referenced from uart_main.o(.text)
</UL>
<P>
<H3>
Global Symbols
</H3>
<P><STRONG><a name="[3]"></a>Reset_Handler</STRONG> (ARM, 0 bytes, Stack size unknown bytes, startup.o(RESET))
<BR>[Address Reference Count : 1]<UL><LI> startup.o(RESET)
</UL>
<P><STRONG><a name="[d]"></a>__main</STRONG> (ARM, 8 bytes, Stack size 0 bytes, __main.o(!!!main))
<BR><BR>[Calls]<UL><LI><a href="#[f]">&gt;&gt;</a>&nbsp;&nbsp;&nbsp;__rt_entry
<LI><a href="#[e]">&gt;&gt;</a>&nbsp;&nbsp;&nbsp;__scatterload
</UL>

<P><STRONG><a name="[e]"></a>__scatterload</STRONG> (ARM, 0 bytes, Stack size unknown bytes, __scatter.o(!!!scatter))
<BR><BR>[Called By]<UL><LI><a href="#[d]">&gt;&gt;</a>&nbsp;&nbsp;&nbsp;__main
</UL>

<P><STRONG><a name="[10]"></a>__scatterload_rt2</STRONG> (ARM, 52 bytes, Stack size unknown bytes, __scatter.o(!!!scatter), UNUSED)
<BR><BR>[Calls]<UL><LI><a href="#[f]">&gt;&gt;</a>&nbsp;&nbsp;&nbsp;__rt_entry
</UL>

<P><STRONG><a name="[6f]"></a>__scatterload_null</STRONG> (ARM, 0 bytes, Stack size unknown bytes, __scatter.o(!!!scatter), UNUSED)

<P><STRONG><a name="[11]"></a>__scatterload_copy</STRONG> (ARM, 40 bytes, Stack size unknown bytes, __scatter_copy.o(!!handler_copy), UNUSED)
<BR><BR>[Calls]<UL><LI><a href="#[11]">&gt;&gt;</a>&nbsp;&nbsp;&nbsp;__scatterload_copy
</UL>
<BR>[Called By]<UL><LI><a href="#[11]">&gt;&gt;</a>&nbsp;&nbsp;&nbsp;__scatterload_copy
</UL>

<P><STRONG><a name="[70]"></a>__scatterload_zeroinit</STRONG> (ARM, 44 bytes, Stack size unknown bytes, __scatter_zi.o(!!handler_zi), UNUSED)

<P><STRONG><a name="[12]"></a>__rt_lib_init</STRONG> (Thumb, 0 bytes, Stack size unknown bytes, libinit.o(.ARM.Collect$$libinit$$00000000))
<BR><BR>[Stack]<UL><LI>Max Depth = 8 + Unknown Stack Size
<LI>Call Chain = __rt_lib_init &rArr; _fp_init
</UL>
<BR>[Calls]<UL><LI><a href="#[13]">&gt;&gt;</a>&nbsp;&nbsp;&nbsp;_fp_init (via Veneer)
</UL>
<BR>[Called By]<UL><LI><a href="#[16]">&gt;&gt;</a>&nbsp;&nbsp;&nbsp;__rt_entry_li (via Veneer)
</UL>

<P><STRONG><a name="[71]"></a>__rt_lib_init_alloca_1</STRONG> (Thumb, 0 bytes, Stack size unknown bytes, libinit2.o(.ARM.Collect$$libinit$$0000002A))

<P><STRONG><a name="[72]"></a>__rt_lib_init_argv_1</STRONG> (Thumb, 0 bytes, Stack size unknown bytes, libinit2.o(.ARM.Collect$$libinit$$00000028))

<P><STRONG><a name="[73]"></a>__rt_lib_init_atexit_1</STRONG> (Thumb, 0 bytes, Stack size unknown bytes, libinit2.o(.ARM.Collect$$libinit$$00000017))

<P><STRONG><a name="[74]"></a>__rt_lib_init_clock_1</STRONG> (Thumb, 0 bytes, Stack size unknown bytes, libinit2.o(.ARM.Collect$$libinit$$0000001D))

<P><STRONG><a name="[75]"></a>__rt_lib_init_cpp_1</STRONG> (Thumb, 0 bytes, Stack size unknown bytes, libinit2.o(.ARM.Collect$$libinit$$0000002E))

<P><STRONG><a name="[76]"></a>__rt_lib_init_exceptions_1</STRONG> (Thumb, 0 bytes, Stack size unknown bytes, libinit2.o(.ARM.Collect$$libinit$$0000002C))

<P><STRONG><a name="[77]"></a>__rt_lib_init_fp_trap_1</STRONG> (Thumb, 0 bytes, Stack size unknown bytes, libinit2.o(.ARM.Collect$$libinit$$0000001B))

<P><STRONG><a name="[78]"></a>__rt_lib_init_getenv_1</STRONG> (Thumb, 0 bytes, Stack size unknown bytes, libinit2.o(.ARM.Collect$$libinit$$0000001F))

<P><STRONG><a name="[79]"></a>__rt_lib_init_heap_1</STRONG> (Thumb, 0 bytes, Stack size unknown bytes, libinit2.o(.ARM.Collect$$libinit$$00000006))

<P><STRONG><a name="[7a]"></a>__rt_lib_init_lc_collate_1</STRONG> (Thumb, 0 bytes, Stack size unknown bytes, libinit2.o(.ARM.Collect$$libinit$$0000000D))

<P><STRONG><a name="[7b]"></a>__rt_lib_init_lc_ctype_1</STRONG> (Thumb, 0 bytes, Stack size unknown bytes, libinit2.o(.ARM.Collect$$libinit$$0000000F))

<P><STRONG><a name="[7c]"></a>__rt_lib_init_lc_monetary_1</STRONG> (Thumb, 0 bytes, Stack size unknown bytes, libinit2.o(.ARM.Collect$$libinit$$00000011))

<P><STRONG><a name="[7d]"></a>__rt_lib_init_lc_numeric_1</STRONG> (Thumb, 0 bytes, Stack size unknown bytes, libinit2.o(.ARM.Collect$$libinit$$00000013))

<P><STRONG><a name="[7e]"></a>__rt_lib_init_lc_time_1</STRONG> (Thumb, 0 bytes, Stack size unknown bytes, libinit2.o(.ARM.Collect$$libinit$$00000015))

<P><STRONG><a name="[7f]"></a>__rt_lib_init_rand_1</STRONG> (Thumb, 0 bytes, Stack size unknown bytes, libinit2.o(.ARM.Collect$$libinit$$0000000A))

<P><STRONG><a name="[80]"></a>__rt_lib_init_return</STRONG> (Thumb, 0 bytes, Stack size unknown bytes, libinit2.o(.ARM.Collect$$libinit$$0000002F))

<P><STRONG><a name="[81]"></a>__rt_lib_init_signal_1</STRONG> (Thumb, 0 bytes, Stack size unknown bytes, libinit2.o(.ARM.Collect$$libinit$$00000019))

<P><STRONG><a name="[82]"></a>__rt_lib_init_stdio_1</STRONG> (Thumb, 0 bytes, Stack size unknown bytes, libinit2.o(.ARM.Collect$$libinit$$00000021))

<P><STRONG><a name="[83]"></a>__rt_lib_init_user_alloc_1</STRONG> (Thumb, 0 bytes, Stack size unknown bytes, libinit2.o(.ARM.Collect$$libinit$$00000008))

<P><STRONG><a name="[1a]"></a>__rt_lib_shutdown</STRONG> (Thumb, 0 bytes, Stack size unknown bytes, libshutdown.o(.ARM.Collect$$libshutdown$$00000000))
<BR><BR>[Called By]<UL><LI><a href="#[19]">&gt;&gt;</a>&nbsp;&nbsp;&nbsp;__rt_exit_ls (via Veneer)
</UL>

<P><STRONG><a name="[84]"></a>__rt_lib_shutdown_fp_trap_1</STRONG> (Thumb, 0 bytes, Stack size unknown bytes, libshutdown2.o(.ARM.Collect$$libshutdown$$00000006))

<P><STRONG><a name="[85]"></a>__rt_lib_shutdown_heap_1</STRONG> (Thumb, 0 bytes, Stack size unknown bytes, libshutdown2.o(.ARM.Collect$$libshutdown$$0000000E))

<P><STRONG><a name="[86]"></a>__rt_lib_shutdown_return</STRONG> (Thumb, 0 bytes, Stack size unknown bytes, libshutdown2.o(.ARM.Collect$$libshutdown$$0000000F))

<P><STRONG><a name="[87]"></a>__rt_lib_shutdown_signal_1</STRONG> (Thumb, 0 bytes, Stack size unknown bytes, libshutdown2.o(.ARM.Collect$$libshutdown$$00000009))

<P><STRONG><a name="[88]"></a>__rt_lib_shutdown_stdio_1</STRONG> (Thumb, 0 bytes, Stack size unknown bytes, libshutdown2.o(.ARM.Collect$$libshutdown$$00000003))

<P><STRONG><a name="[89]"></a>__rt_lib_shutdown_user_alloc_1</STRONG> (Thumb, 0 bytes, Stack size unknown bytes, libshutdown2.o(.ARM.Collect$$libshutdown$$0000000B))

<P><STRONG><a name="[f]"></a>__rt_entry</STRONG> (ARM, 0 bytes, Stack size unknown bytes, rtentry.o(.ARM.Collect$$rtentry$$00000000))
<BR><BR>[Called By]<UL><LI><a href="#[d]">&gt;&gt;</a>&nbsp;&nbsp;&nbsp;__main
<LI><a href="#[10]">&gt;&gt;</a>&nbsp;&nbsp;&nbsp;__scatterload_rt2
</UL>

<P><STRONG><a name="[8a]"></a>__rt_entry_presh_1</STRONG> (ARM, 0 bytes, Stack size unknown bytes, rtentry2.o(.ARM.Collect$$rtentry$$00000002))

<P><STRONG><a name="[14]"></a>__rt_entry_sh</STRONG> (ARM, 0 bytes, Stack size unknown bytes, rtentry4.o(.ARM.Collect$$rtentry$$00000004))
<BR><BR>[Stack]<UL><LI>Max Depth = 8 + Unknown Stack Size
<LI>Call Chain = __rt_entry_sh &rArr; __user_setup_stackheap
</UL>
<BR>[Calls]<UL><LI><a href="#[15]">&gt;&gt;</a>&nbsp;&nbsp;&nbsp;__user_setup_stackheap
</UL>

<P><STRONG><a name="[16]"></a>__rt_entry_li</STRONG> (ARM, 0 bytes, Stack size unknown bytes, rtentry2.o(.ARM.Collect$$rtentry$$0000000A))
<BR><BR>[Stack]<UL><LI>Max Depth = 8 + Unknown Stack Size
<LI>Call Chain = __rt_entry_li &rArr; __rt_lib_init &rArr; _fp_init
</UL>
<BR>[Calls]<UL><LI><a href="#[12]">&gt;&gt;</a>&nbsp;&nbsp;&nbsp;__rt_lib_init (via Veneer)
</UL>

<P><STRONG><a name="[8b]"></a>__rt_entry_postsh_1</STRONG> (ARM, 0 bytes, Stack size unknown bytes, rtentry2.o(.ARM.Collect$$rtentry$$00000009))

<P><STRONG><a name="[17]"></a>__rt_entry_main</STRONG> (ARM, 0 bytes, Stack size unknown bytes, rtentry2.o(.ARM.Collect$$rtentry$$0000000D))
<BR><BR>[Calls]<UL><LI><a href="#[18]">&gt;&gt;</a>&nbsp;&nbsp;&nbsp;exit (via BX)
</UL>

<P><STRONG><a name="[8c]"></a>__rt_entry_postli_1</STRONG> (ARM, 0 bytes, Stack size unknown bytes, rtentry2.o(.ARM.Collect$$rtentry$$0000000C))

<P><STRONG><a name="[60]"></a>__rt_exit</STRONG> (ARM, 0 bytes, Stack size unknown bytes, rtexit.o(.ARM.Collect$$rtexit$$00000000))
<BR><BR>[Called By]<UL><LI><a href="#[18]">&gt;&gt;</a>&nbsp;&nbsp;&nbsp;exit (via Veneer)
</UL>

<P><STRONG><a name="[19]"></a>__rt_exit_ls</STRONG> (ARM, 0 bytes, Stack size unknown bytes, rtexit2.o(.ARM.Collect$$rtexit$$00000003))
<BR><BR>[Calls]<UL><LI><a href="#[1a]">&gt;&gt;</a>&nbsp;&nbsp;&nbsp;__rt_lib_shutdown (via Veneer)
</UL>

<P><STRONG><a name="[8d]"></a>__rt_exit_prels_1</STRONG> (ARM, 0 bytes, Stack size unknown bytes, rtexit2.o(.ARM.Collect$$rtexit$$00000002))

<P><STRONG><a name="[1b]"></a>__rt_exit_exit</STRONG> (ARM, 0 bytes, Stack size unknown bytes, rtexit2.o(.ARM.Collect$$rtexit$$00000004))
<BR><BR>[Calls]<UL><LI><a href="#[1c]">&gt;&gt;</a>&nbsp;&nbsp;&nbsp;_sys_exit (via Veneer)
</UL>

<P><STRONG><a name="[5e]"></a>__user_initial_stackheap</STRONG> (ARM, 0 bytes, Stack size unknown bytes, startup.o(.text))
<BR><BR>[Called By]<UL><LI><a href="#[15]">&gt;&gt;</a>&nbsp;&nbsp;&nbsp;__user_setup_stackheap
</UL>

<P><STRONG><a name="[1d]"></a>byte_write</STRONG> (ARM, 80 bytes, Stack size 16 bytes, 24c01.o(.text))
<BR><BR>[Stack]<UL><LI>Max Depth = 16<LI>Call Chain = byte_write
</UL>
<BR>[Calls]<UL><LI><a href="#[1f]">&gt;&gt;</a>&nbsp;&nbsp;&nbsp;write
<LI><a href="#[20]">&gt;&gt;</a>&nbsp;&nbsp;&nbsp;stop
<LI><a href="#[1e]">&gt;&gt;</a>&nbsp;&nbsp;&nbsp;start
<LI><a href="#[21]">&gt;&gt;</a>&nbsp;&nbsp;&nbsp;delay_ms
</UL>
<BR>[Called By]<UL><LI><a href="#[45]">&gt;&gt;</a>&nbsp;&nbsp;&nbsp;menu
</UL>

<P><STRONG><a name="[22]"></a>byte_read</STRONG> (ARM, 92 bytes, Stack size 16 bytes, 24c01.o(.text))
<BR><BR>[Stack]<UL><LI>Max Depth = 16<LI>Call Chain = byte_read
</UL>
<BR>[Calls]<UL><LI><a href="#[1f]">&gt;&gt;</a>&nbsp;&nbsp;&nbsp;write
<LI><a href="#[20]">&gt;&gt;</a>&nbsp;&nbsp;&nbsp;stop
<LI><a href="#[1e]">&gt;&gt;</a>&nbsp;&nbsp;&nbsp;start
<LI><a href="#[23]">&gt;&gt;</a>&nbsp;&nbsp;&nbsp;rep_start
<LI><a href="#[24]">&gt;&gt;</a>&nbsp;&nbsp;&nbsp;nack
</UL>
<BR>[Called By]<UL><LI><a href="#[b]">&gt;&gt;</a>&nbsp;&nbsp;&nbsp;main
</UL>

<P><STRONG><a name="[25]"></a>page_write</STRONG> (ARM, 108 bytes, Stack size 16 bytes, 24c01.o(.text), UNUSED)
<BR><BR>[Calls]<UL><LI><a href="#[1f]">&gt;&gt;</a>&nbsp;&nbsp;&nbsp;write
<LI><a href="#[20]">&gt;&gt;</a>&nbsp;&nbsp;&nbsp;stop
<LI><a href="#[1e]">&gt;&gt;</a>&nbsp;&nbsp;&nbsp;start
<LI><a href="#[21]">&gt;&gt;</a>&nbsp;&nbsp;&nbsp;delay_ms
</UL>

<P><STRONG><a name="[26]"></a>seq_read</STRONG> (ARM, 124 bytes, Stack size 24 bytes, 24c01.o(.text), UNUSED)
<BR><BR>[Calls]<UL><LI><a href="#[1f]">&gt;&gt;</a>&nbsp;&nbsp;&nbsp;write
<LI><a href="#[20]">&gt;&gt;</a>&nbsp;&nbsp;&nbsp;stop
<LI><a href="#[1e]">&gt;&gt;</a>&nbsp;&nbsp;&nbsp;start
<LI><a href="#[23]">&gt;&gt;</a>&nbsp;&nbsp;&nbsp;rep_start
<LI><a href="#[24]">&gt;&gt;</a>&nbsp;&nbsp;&nbsp;nack
<LI><a href="#[27]">&gt;&gt;</a>&nbsp;&nbsp;&nbsp;mack
</UL>

<P><STRONG><a name="[34]"></a>init_adc</STRONG> (ARM, 52 bytes, Stack size 0 bytes, adc.o(.text))
<BR><BR>[Called By]<UL><LI><a href="#[b]">&gt;&gt;</a>&nbsp;&nbsp;&nbsp;main
</UL>

<P><STRONG><a name="[28]"></a>read_adc</STRONG> (ARM, 192 bytes, Stack size 32 bytes, adc.o(.text))
<BR><BR>[Stack]<UL><LI>Max Depth = 64<LI>Call Chain = read_adc &rArr; __aeabi_dmul
</UL>
<BR>[Calls]<UL><LI><a href="#[2a]">&gt;&gt;</a>&nbsp;&nbsp;&nbsp;__aeabi_dmul
<LI><a href="#[29]">&gt;&gt;</a>&nbsp;&nbsp;&nbsp;__aeabi_i2d
<LI><a href="#[2b]">&gt;&gt;</a>&nbsp;&nbsp;&nbsp;__aeabi_d2f
<LI><a href="#[21]">&gt;&gt;</a>&nbsp;&nbsp;&nbsp;delay_ms
</UL>
<BR>[Called By]<UL><LI><a href="#[b]">&gt;&gt;</a>&nbsp;&nbsp;&nbsp;main
</UL>

<P><STRONG><a name="[2c]"></a>temp_display</STRONG> (ARM, 88 bytes, Stack size 16 bytes, adc.o(.text))
<BR><BR>[Stack]<UL><LI>Max Depth = 56<LI>Call Chain = temp_display &rArr; int_lcd &rArr; char_lcd &rArr; data_lcd
</UL>
<BR>[Calls]<UL><LI><a href="#[2f]">&gt;&gt;</a>&nbsp;&nbsp;&nbsp;__aeabi_fmul
<LI><a href="#[30]">&gt;&gt;</a>&nbsp;&nbsp;&nbsp;__aeabi_f2iz
<LI><a href="#[31]">&gt;&gt;</a>&nbsp;&nbsp;&nbsp;int_lcd
<LI><a href="#[2d]">&gt;&gt;</a>&nbsp;&nbsp;&nbsp;cmd_lcd
<LI><a href="#[2e]">&gt;&gt;</a>&nbsp;&nbsp;&nbsp;char_lcd
</UL>
<BR>[Called By]<UL><LI><a href="#[b]">&gt;&gt;</a>&nbsp;&nbsp;&nbsp;main
</UL>

<P><STRONG><a name="[b]"></a>main</STRONG> (ARM, 1212 bytes, Stack size 48 bytes, adc_rtc_main.o(.text))
<BR><BR>[Stack]<UL><LI>Max Depth = 192<LI>Call Chain = main &rArr; menu &rArr; update_data &rArr; esp01_sendToThingspeak &rArr; int_uart &rArr; __aeabi_idivmod
</UL>
<BR>[Calls]<UL><LI><a href="#[2f]">&gt;&gt;</a>&nbsp;&nbsp;&nbsp;__aeabi_fmul
<LI><a href="#[30]">&gt;&gt;</a>&nbsp;&nbsp;&nbsp;__aeabi_f2iz
<LI><a href="#[43]">&gt;&gt;</a>&nbsp;&nbsp;&nbsp;__aeabi_idivmod
<LI><a href="#[44]">&gt;&gt;</a>&nbsp;&nbsp;&nbsp;update_data
<LI><a href="#[3f]">&gt;&gt;</a>&nbsp;&nbsp;&nbsp;string_lcd
<LI><a href="#[3e]">&gt;&gt;</a>&nbsp;&nbsp;&nbsp;set_week
<LI><a href="#[3c]">&gt;&gt;</a>&nbsp;&nbsp;&nbsp;set_time_info
<LI><a href="#[3d]">&gt;&gt;</a>&nbsp;&nbsp;&nbsp;set_date_info
<LI><a href="#[45]">&gt;&gt;</a>&nbsp;&nbsp;&nbsp;menu
<LI><a href="#[33]">&gt;&gt;</a>&nbsp;&nbsp;&nbsp;init_uart
<LI><a href="#[35]">&gt;&gt;</a>&nbsp;&nbsp;&nbsp;init_rtc
<LI><a href="#[3b]">&gt;&gt;</a>&nbsp;&nbsp;&nbsp;init_mq2
<LI><a href="#[32]">&gt;&gt;</a>&nbsp;&nbsp;&nbsp;init_lcd
<LI><a href="#[3a]">&gt;&gt;</a>&nbsp;&nbsp;&nbsp;init_keypad
<LI><a href="#[38]">&gt;&gt;</a>&nbsp;&nbsp;&nbsp;init_interrupt
<LI><a href="#[39]">&gt;&gt;</a>&nbsp;&nbsp;&nbsp;init_inter
<LI><a href="#[37]">&gt;&gt;</a>&nbsp;&nbsp;&nbsp;init_i2c
<LI><a href="#[40]">&gt;&gt;</a>&nbsp;&nbsp;&nbsp;init_esp01
<LI><a href="#[41]">&gt;&gt;</a>&nbsp;&nbsp;&nbsp;get_info
<LI><a href="#[42]">&gt;&gt;</a>&nbsp;&nbsp;&nbsp;display_info
<LI><a href="#[46]">&gt;&gt;</a>&nbsp;&nbsp;&nbsp;data_lcd
<LI><a href="#[36]">&gt;&gt;</a>&nbsp;&nbsp;&nbsp;cust_lcd
<LI><a href="#[2d]">&gt;&gt;</a>&nbsp;&nbsp;&nbsp;cmd_lcd
<LI><a href="#[2c]">&gt;&gt;</a>&nbsp;&nbsp;&nbsp;temp_display
<LI><a href="#[28]">&gt;&gt;</a>&nbsp;&nbsp;&nbsp;read_adc
<LI><a href="#[34]">&gt;&gt;</a>&nbsp;&nbsp;&nbsp;init_adc
<LI><a href="#[21]">&gt;&gt;</a>&nbsp;&nbsp;&nbsp;delay_ms
<LI><a href="#[22]">&gt;&gt;</a>&nbsp;&nbsp;&nbsp;byte_read
</UL>
<BR>[Address Reference Count : 1]<UL><LI> rtentry2.o(.ARM.Collect$$rtentry$$0000000D)
</UL>
<P><STRONG><a name="[c]"></a>sw_pressed</STRONG> (ARM, 40 bytes, Stack size 8 bytes, adc_rtc_main.o(.text))
<BR><BR>[Stack]<UL><LI>Max Depth = 8<LI>Call Chain = sw_pressed
</UL>
<BR>[Address Reference Count : 1]<UL><LI> interrupt.o(.text)
</UL>
<P><STRONG><a name="[36]"></a>cust_lcd</STRONG> (ARM, 40 bytes, Stack size 16 bytes, cust_lcd.o(.text))
<BR><BR>[Stack]<UL><LI>Max Depth = 48<LI>Call Chain = cust_lcd &rArr; cus_char &rArr; char_lcd &rArr; data_lcd
</UL>
<BR>[Calls]<UL><LI><a href="#[47]">&gt;&gt;</a>&nbsp;&nbsp;&nbsp;cus_char
<LI><a href="#[2d]">&gt;&gt;</a>&nbsp;&nbsp;&nbsp;cmd_lcd
</UL>
<BR>[Called By]<UL><LI><a href="#[b]">&gt;&gt;</a>&nbsp;&nbsp;&nbsp;main
</UL>

<P><STRONG><a name="[8e]"></a>delay_us</STRONG> (ARM, 28 bytes, Stack size 0 bytes, delay.o(.text), UNUSED)

<P><STRONG><a name="[21]"></a>delay_ms</STRONG> (ARM, 28 bytes, Stack size 0 bytes, delay.o(.text))
<BR><BR>[Called By]<UL><LI><a href="#[50]">&gt;&gt;</a>&nbsp;&nbsp;&nbsp;esp01_sendToThingspeak
<LI><a href="#[4f]">&gt;&gt;</a>&nbsp;&nbsp;&nbsp;esp01_connectAP_JOIN_AP
<LI><a href="#[4e]">&gt;&gt;</a>&nbsp;&nbsp;&nbsp;esp01_connectAP_QUIT_AP
<LI><a href="#[4d]">&gt;&gt;</a>&nbsp;&nbsp;&nbsp;esp01_connectAP_TCP_MODE
<LI><a href="#[4c]">&gt;&gt;</a>&nbsp;&nbsp;&nbsp;esp01_connectAP_ATE0
<LI><a href="#[48]">&gt;&gt;</a>&nbsp;&nbsp;&nbsp;esp01_connectAP_AT
<LI><a href="#[44]">&gt;&gt;</a>&nbsp;&nbsp;&nbsp;update_data
<LI><a href="#[45]">&gt;&gt;</a>&nbsp;&nbsp;&nbsp;menu
<LI><a href="#[32]">&gt;&gt;</a>&nbsp;&nbsp;&nbsp;init_lcd
<LI><a href="#[40]">&gt;&gt;</a>&nbsp;&nbsp;&nbsp;init_esp01
<LI><a href="#[46]">&gt;&gt;</a>&nbsp;&nbsp;&nbsp;data_lcd
<LI><a href="#[b]">&gt;&gt;</a>&nbsp;&nbsp;&nbsp;main
<LI><a href="#[2d]">&gt;&gt;</a>&nbsp;&nbsp;&nbsp;cmd_lcd
<LI><a href="#[28]">&gt;&gt;</a>&nbsp;&nbsp;&nbsp;read_adc
<LI><a href="#[25]">&gt;&gt;</a>&nbsp;&nbsp;&nbsp;page_write
<LI><a href="#[1d]">&gt;&gt;</a>&nbsp;&nbsp;&nbsp;byte_write
</UL>

<P><STRONG><a name="[8f]"></a>delay_s</STRONG> (ARM, 28 bytes, Stack size 0 bytes, delay.o(.text), UNUSED)

<P><STRONG><a name="[48]"></a>esp01_connectAP_AT</STRONG> (ARM, 172 bytes, Stack size 8 bytes, esp01.o(.text))
<BR><BR>[Stack]<UL><LI>Max Depth = 16<LI>Call Chain = esp01_connectAP_AT &rArr; strstr
</UL>
<BR>[Calls]<UL><LI><a href="#[4a]">&gt;&gt;</a>&nbsp;&nbsp;&nbsp;__aeabi_memclr
<LI><a href="#[4b]">&gt;&gt;</a>&nbsp;&nbsp;&nbsp;strstr (via Veneer)
<LI><a href="#[49]">&gt;&gt;</a>&nbsp;&nbsp;&nbsp;string_uart
<LI><a href="#[21]">&gt;&gt;</a>&nbsp;&nbsp;&nbsp;delay_ms
</UL>
<BR>[Called By]<UL><LI><a href="#[40]">&gt;&gt;</a>&nbsp;&nbsp;&nbsp;init_esp01
</UL>

<P><STRONG><a name="[4c]"></a>esp01_connectAP_ATE0</STRONG> (ARM, 172 bytes, Stack size 8 bytes, esp01.o(.text))
<BR><BR>[Stack]<UL><LI>Max Depth = 16<LI>Call Chain = esp01_connectAP_ATE0 &rArr; strstr
</UL>
<BR>[Calls]<UL><LI><a href="#[4a]">&gt;&gt;</a>&nbsp;&nbsp;&nbsp;__aeabi_memclr
<LI><a href="#[4b]">&gt;&gt;</a>&nbsp;&nbsp;&nbsp;strstr (via Veneer)
<LI><a href="#[49]">&gt;&gt;</a>&nbsp;&nbsp;&nbsp;string_uart
<LI><a href="#[21]">&gt;&gt;</a>&nbsp;&nbsp;&nbsp;delay_ms
</UL>
<BR>[Called By]<UL><LI><a href="#[40]">&gt;&gt;</a>&nbsp;&nbsp;&nbsp;init_esp01
</UL>

<P><STRONG><a name="[4d]"></a>esp01_connectAP_TCP_MODE</STRONG> (ARM, 216 bytes, Stack size 8 bytes, esp01.o(.text))
<BR><BR>[Stack]<UL><LI>Max Depth = 16<LI>Call Chain = esp01_connectAP_TCP_MODE &rArr; strstr
</UL>
<BR>[Calls]<UL><LI><a href="#[4a]">&gt;&gt;</a>&nbsp;&nbsp;&nbsp;__aeabi_memclr
<LI><a href="#[4b]">&gt;&gt;</a>&nbsp;&nbsp;&nbsp;strstr (via Veneer)
<LI><a href="#[49]">&gt;&gt;</a>&nbsp;&nbsp;&nbsp;string_uart
<LI><a href="#[21]">&gt;&gt;</a>&nbsp;&nbsp;&nbsp;delay_ms
</UL>
<BR>[Called By]<UL><LI><a href="#[40]">&gt;&gt;</a>&nbsp;&nbsp;&nbsp;init_esp01
</UL>

<P><STRONG><a name="[4e]"></a>esp01_connectAP_QUIT_AP</STRONG> (ARM, 180 bytes, Stack size 8 bytes, esp01.o(.text))
<BR><BR>[Stack]<UL><LI>Max Depth = 16<LI>Call Chain = esp01_connectAP_QUIT_AP &rArr; strstr
</UL>
<BR>[Calls]<UL><LI><a href="#[4a]">&gt;&gt;</a>&nbsp;&nbsp;&nbsp;__aeabi_memclr
<LI><a href="#[4b]">&gt;&gt;</a>&nbsp;&nbsp;&nbsp;strstr (via Veneer)
<LI><a href="#[49]">&gt;&gt;</a>&nbsp;&nbsp;&nbsp;string_uart
<LI><a href="#[21]">&gt;&gt;</a>&nbsp;&nbsp;&nbsp;delay_ms
</UL>
<BR>[Called By]<UL><LI><a href="#[40]">&gt;&gt;</a>&nbsp;&nbsp;&nbsp;init_esp01
</UL>

<P><STRONG><a name="[4f]"></a>esp01_connectAP_JOIN_AP</STRONG> (ARM, 172 bytes, Stack size 8 bytes, esp01.o(.text))
<BR><BR>[Stack]<UL><LI>Max Depth = 16<LI>Call Chain = esp01_connectAP_JOIN_AP &rArr; strstr
</UL>
<BR>[Calls]<UL><LI><a href="#[4a]">&gt;&gt;</a>&nbsp;&nbsp;&nbsp;__aeabi_memclr
<LI><a href="#[4b]">&gt;&gt;</a>&nbsp;&nbsp;&nbsp;strstr (via Veneer)
<LI><a href="#[49]">&gt;&gt;</a>&nbsp;&nbsp;&nbsp;string_uart
<LI><a href="#[21]">&gt;&gt;</a>&nbsp;&nbsp;&nbsp;delay_ms
</UL>
<BR>[Called By]<UL><LI><a href="#[40]">&gt;&gt;</a>&nbsp;&nbsp;&nbsp;init_esp01
</UL>

<P><STRONG><a name="[50]"></a>esp01_sendToThingspeak</STRONG> (ARM, 640 bytes, Stack size 24 bytes, esp01.o(.text))
<BR><BR>[Stack]<UL><LI>Max Depth = 56<LI>Call Chain = esp01_sendToThingspeak &rArr; int_uart &rArr; __aeabi_idivmod
</UL>
<BR>[Calls]<UL><LI><a href="#[43]">&gt;&gt;</a>&nbsp;&nbsp;&nbsp;__aeabi_idivmod
<LI><a href="#[4a]">&gt;&gt;</a>&nbsp;&nbsp;&nbsp;__aeabi_memclr
<LI><a href="#[4b]">&gt;&gt;</a>&nbsp;&nbsp;&nbsp;strstr (via Veneer)
<LI><a href="#[52]">&gt;&gt;</a>&nbsp;&nbsp;&nbsp;tx_uart
<LI><a href="#[49]">&gt;&gt;</a>&nbsp;&nbsp;&nbsp;string_uart
<LI><a href="#[51]">&gt;&gt;</a>&nbsp;&nbsp;&nbsp;int_uart
<LI><a href="#[21]">&gt;&gt;</a>&nbsp;&nbsp;&nbsp;delay_ms
</UL>
<BR>[Called By]<UL><LI><a href="#[44]">&gt;&gt;</a>&nbsp;&nbsp;&nbsp;update_data
</UL>

<P><STRONG><a name="[40]"></a>init_esp01</STRONG> (ARM, 1788 bytes, Stack size 24 bytes, esp01_call.o(.text))
<BR><BR>[Stack]<UL><LI>Max Depth = 48<LI>Call Chain = init_esp01 &rArr; string_lcd &rArr; char_lcd &rArr; data_lcd
</UL>
<BR>[Calls]<UL><LI><a href="#[4f]">&gt;&gt;</a>&nbsp;&nbsp;&nbsp;esp01_connectAP_JOIN_AP
<LI><a href="#[4e]">&gt;&gt;</a>&nbsp;&nbsp;&nbsp;esp01_connectAP_QUIT_AP
<LI><a href="#[4d]">&gt;&gt;</a>&nbsp;&nbsp;&nbsp;esp01_connectAP_TCP_MODE
<LI><a href="#[4c]">&gt;&gt;</a>&nbsp;&nbsp;&nbsp;esp01_connectAP_ATE0
<LI><a href="#[48]">&gt;&gt;</a>&nbsp;&nbsp;&nbsp;esp01_connectAP_AT
<LI><a href="#[3f]">&gt;&gt;</a>&nbsp;&nbsp;&nbsp;string_lcd
<LI><a href="#[2d]">&gt;&gt;</a>&nbsp;&nbsp;&nbsp;cmd_lcd
<LI><a href="#[21]">&gt;&gt;</a>&nbsp;&nbsp;&nbsp;delay_ms
</UL>
<BR>[Called By]<UL><LI><a href="#[b]">&gt;&gt;</a>&nbsp;&nbsp;&nbsp;main
</UL>

<P><STRONG><a name="[44]"></a>update_data</STRONG> (ARM, 680 bytes, Stack size 32 bytes, esp01_call.o(.text))
<BR><BR>[Stack]<UL><LI>Max Depth = 88<LI>Call Chain = update_data &rArr; esp01_sendToThingspeak &rArr; int_uart &rArr; __aeabi_idivmod
</UL>
<BR>[Calls]<UL><LI><a href="#[50]">&gt;&gt;</a>&nbsp;&nbsp;&nbsp;esp01_sendToThingspeak
<LI><a href="#[3f]">&gt;&gt;</a>&nbsp;&nbsp;&nbsp;string_lcd
<LI><a href="#[2d]">&gt;&gt;</a>&nbsp;&nbsp;&nbsp;cmd_lcd
<LI><a href="#[21]">&gt;&gt;</a>&nbsp;&nbsp;&nbsp;delay_ms
</UL>
<BR>[Called By]<UL><LI><a href="#[45]">&gt;&gt;</a>&nbsp;&nbsp;&nbsp;menu
<LI><a href="#[b]">&gt;&gt;</a>&nbsp;&nbsp;&nbsp;main
</UL>
<BR>[Address Reference Count : 1]<UL><LI> esp01_call.o(.text)
</UL>
<P><STRONG><a name="[37]"></a>init_i2c</STRONG> (ARM, 64 bytes, Stack size 0 bytes, i2c.o(.text))
<BR><BR>[Called By]<UL><LI><a href="#[b]">&gt;&gt;</a>&nbsp;&nbsp;&nbsp;main
</UL>

<P><STRONG><a name="[1e]"></a>start</STRONG> (ARM, 52 bytes, Stack size 0 bytes, i2c.o(.text))
<BR><BR>[Called By]<UL><LI><a href="#[26]">&gt;&gt;</a>&nbsp;&nbsp;&nbsp;seq_read
<LI><a href="#[25]">&gt;&gt;</a>&nbsp;&nbsp;&nbsp;page_write
<LI><a href="#[22]">&gt;&gt;</a>&nbsp;&nbsp;&nbsp;byte_read
<LI><a href="#[1d]">&gt;&gt;</a>&nbsp;&nbsp;&nbsp;byte_write
</UL>

<P><STRONG><a name="[20]"></a>stop</STRONG> (ARM, 24 bytes, Stack size 0 bytes, i2c.o(.text))
<BR><BR>[Called By]<UL><LI><a href="#[26]">&gt;&gt;</a>&nbsp;&nbsp;&nbsp;seq_read
<LI><a href="#[25]">&gt;&gt;</a>&nbsp;&nbsp;&nbsp;page_write
<LI><a href="#[22]">&gt;&gt;</a>&nbsp;&nbsp;&nbsp;byte_read
<LI><a href="#[1d]">&gt;&gt;</a>&nbsp;&nbsp;&nbsp;byte_write
</UL>

<P><STRONG><a name="[1f]"></a>write</STRONG> (ARM, 48 bytes, Stack size 0 bytes, i2c.o(.text))
<BR><BR>[Called By]<UL><LI><a href="#[26]">&gt;&gt;</a>&nbsp;&nbsp;&nbsp;seq_read
<LI><a href="#[25]">&gt;&gt;</a>&nbsp;&nbsp;&nbsp;page_write
<LI><a href="#[22]">&gt;&gt;</a>&nbsp;&nbsp;&nbsp;byte_read
<LI><a href="#[1d]">&gt;&gt;</a>&nbsp;&nbsp;&nbsp;byte_write
</UL>

<P><STRONG><a name="[23]"></a>rep_start</STRONG> (ARM, 60 bytes, Stack size 0 bytes, i2c.o(.text))
<BR><BR>[Called By]<UL><LI><a href="#[26]">&gt;&gt;</a>&nbsp;&nbsp;&nbsp;seq_read
<LI><a href="#[22]">&gt;&gt;</a>&nbsp;&nbsp;&nbsp;byte_read
</UL>

<P><STRONG><a name="[27]"></a>mack</STRONG> (ARM, 68 bytes, Stack size 0 bytes, i2c.o(.text), UNUSED)
<BR><BR>[Called By]<UL><LI><a href="#[26]">&gt;&gt;</a>&nbsp;&nbsp;&nbsp;seq_read
</UL>

<P><STRONG><a name="[24]"></a>nack</STRONG> (ARM, 48 bytes, Stack size 0 bytes, i2c.o(.text))
<BR><BR>[Called By]<UL><LI><a href="#[26]">&gt;&gt;</a>&nbsp;&nbsp;&nbsp;seq_read
<LI><a href="#[22]">&gt;&gt;</a>&nbsp;&nbsp;&nbsp;byte_read
</UL>

<P><STRONG><a name="[38]"></a>init_interrupt</STRONG> (ARM, 100 bytes, Stack size 0 bytes, interrupt.o(.text))
<BR><BR>[Called By]<UL><LI><a href="#[b]">&gt;&gt;</a>&nbsp;&nbsp;&nbsp;main
</UL>

<P><STRONG><a name="[3a]"></a>init_keypad</STRONG> (ARM, 32 bytes, Stack size 0 bytes, keypad.o(.text))
<BR><BR>[Called By]<UL><LI><a href="#[b]">&gt;&gt;</a>&nbsp;&nbsp;&nbsp;main
</UL>

<P><STRONG><a name="[55]"></a>col_stat</STRONG> (ARM, 40 bytes, Stack size 0 bytes, keypad.o(.text))
<BR><BR>[Called By]<UL><LI><a href="#[54]">&gt;&gt;</a>&nbsp;&nbsp;&nbsp;ip_keypad
<LI><a href="#[45]">&gt;&gt;</a>&nbsp;&nbsp;&nbsp;menu
</UL>

<P><STRONG><a name="[53]"></a>key_val</STRONG> (ARM, 332 bytes, Stack size 0 bytes, keypad.o(.text))
<BR><BR>[Called By]<UL><LI><a href="#[54]">&gt;&gt;</a>&nbsp;&nbsp;&nbsp;ip_keypad
<LI><a href="#[45]">&gt;&gt;</a>&nbsp;&nbsp;&nbsp;menu
</UL>
<BR>[Address Reference Count : 1]<UL><LI> esp01_call.o(.text)
</UL>
<P><STRONG><a name="[2d]"></a>cmd_lcd</STRONG> (ARM, 72 bytes, Stack size 8 bytes, lcd_driver.o(.text))
<BR><BR>[Stack]<UL><LI>Max Depth = 8<LI>Call Chain = cmd_lcd
</UL>
<BR>[Calls]<UL><LI><a href="#[21]">&gt;&gt;</a>&nbsp;&nbsp;&nbsp;delay_ms
</UL>
<BR>[Called By]<UL><LI><a href="#[54]">&gt;&gt;</a>&nbsp;&nbsp;&nbsp;ip_keypad
<LI><a href="#[44]">&gt;&gt;</a>&nbsp;&nbsp;&nbsp;update_data
<LI><a href="#[45]">&gt;&gt;</a>&nbsp;&nbsp;&nbsp;menu
<LI><a href="#[32]">&gt;&gt;</a>&nbsp;&nbsp;&nbsp;init_lcd
<LI><a href="#[40]">&gt;&gt;</a>&nbsp;&nbsp;&nbsp;init_esp01
<LI><a href="#[42]">&gt;&gt;</a>&nbsp;&nbsp;&nbsp;display_info
<LI><a href="#[36]">&gt;&gt;</a>&nbsp;&nbsp;&nbsp;cust_lcd
<LI><a href="#[b]">&gt;&gt;</a>&nbsp;&nbsp;&nbsp;main
<LI><a href="#[2c]">&gt;&gt;</a>&nbsp;&nbsp;&nbsp;temp_display
</UL>

<P><STRONG><a name="[32]"></a>init_lcd</STRONG> (ARM, 144 bytes, Stack size 8 bytes, lcd_driver.o(.text))
<BR><BR>[Stack]<UL><LI>Max Depth = 16<LI>Call Chain = init_lcd &rArr; cmd_lcd
</UL>
<BR>[Calls]<UL><LI><a href="#[2d]">&gt;&gt;</a>&nbsp;&nbsp;&nbsp;cmd_lcd
<LI><a href="#[21]">&gt;&gt;</a>&nbsp;&nbsp;&nbsp;delay_ms
</UL>
<BR>[Called By]<UL><LI><a href="#[b]">&gt;&gt;</a>&nbsp;&nbsp;&nbsp;main
</UL>

<P><STRONG><a name="[46]"></a>data_lcd</STRONG> (ARM, 80 bytes, Stack size 8 bytes, lcd_driver.o(.text))
<BR><BR>[Stack]<UL><LI>Max Depth = 8<LI>Call Chain = data_lcd
</UL>
<BR>[Calls]<UL><LI><a href="#[21]">&gt;&gt;</a>&nbsp;&nbsp;&nbsp;delay_ms
</UL>
<BR>[Called By]<UL><LI><a href="#[45]">&gt;&gt;</a>&nbsp;&nbsp;&nbsp;menu
<LI><a href="#[b]">&gt;&gt;</a>&nbsp;&nbsp;&nbsp;main
<LI><a href="#[2e]">&gt;&gt;</a>&nbsp;&nbsp;&nbsp;char_lcd
</UL>

<P><STRONG><a name="[2e]"></a>char_lcd</STRONG> (ARM, 24 bytes, Stack size 8 bytes, lcd_driver.o(.text))
<BR><BR>[Stack]<UL><LI>Max Depth = 16<LI>Call Chain = char_lcd &rArr; data_lcd
</UL>
<BR>[Calls]<UL><LI><a href="#[46]">&gt;&gt;</a>&nbsp;&nbsp;&nbsp;data_lcd
</UL>
<BR>[Called By]<UL><LI><a href="#[47]">&gt;&gt;</a>&nbsp;&nbsp;&nbsp;cus_char
<LI><a href="#[3f]">&gt;&gt;</a>&nbsp;&nbsp;&nbsp;string_lcd
<LI><a href="#[42]">&gt;&gt;</a>&nbsp;&nbsp;&nbsp;display_info
<LI><a href="#[31]">&gt;&gt;</a>&nbsp;&nbsp;&nbsp;int_lcd
<LI><a href="#[2c]">&gt;&gt;</a>&nbsp;&nbsp;&nbsp;temp_display
</UL>

<P><STRONG><a name="[31]"></a>int_lcd</STRONG> (ARM, 264 bytes, Stack size 24 bytes, lcd_driver.o(.text))
<BR><BR>[Stack]<UL><LI>Max Depth = 40<LI>Call Chain = int_lcd &rArr; char_lcd &rArr; data_lcd
</UL>
<BR>[Calls]<UL><LI><a href="#[43]">&gt;&gt;</a>&nbsp;&nbsp;&nbsp;__aeabi_idivmod
<LI><a href="#[2e]">&gt;&gt;</a>&nbsp;&nbsp;&nbsp;char_lcd
</UL>
<BR>[Called By]<UL><LI><a href="#[54]">&gt;&gt;</a>&nbsp;&nbsp;&nbsp;ip_keypad
<LI><a href="#[45]">&gt;&gt;</a>&nbsp;&nbsp;&nbsp;menu
<LI><a href="#[42]">&gt;&gt;</a>&nbsp;&nbsp;&nbsp;display_info
<LI><a href="#[2c]">&gt;&gt;</a>&nbsp;&nbsp;&nbsp;temp_display
</UL>

<P><STRONG><a name="[3f]"></a>string_lcd</STRONG> (ARM, 44 bytes, Stack size 8 bytes, lcd_driver.o(.text))
<BR><BR>[Stack]<UL><LI>Max Depth = 24<LI>Call Chain = string_lcd &rArr; char_lcd &rArr; data_lcd
</UL>
<BR>[Calls]<UL><LI><a href="#[2e]">&gt;&gt;</a>&nbsp;&nbsp;&nbsp;char_lcd
</UL>
<BR>[Called By]<UL><LI><a href="#[54]">&gt;&gt;</a>&nbsp;&nbsp;&nbsp;ip_keypad
<LI><a href="#[44]">&gt;&gt;</a>&nbsp;&nbsp;&nbsp;update_data
<LI><a href="#[45]">&gt;&gt;</a>&nbsp;&nbsp;&nbsp;menu
<LI><a href="#[40]">&gt;&gt;</a>&nbsp;&nbsp;&nbsp;init_esp01
<LI><a href="#[b]">&gt;&gt;</a>&nbsp;&nbsp;&nbsp;main
</UL>

<P><STRONG><a name="[47]"></a>cus_char</STRONG> (ARM, 44 bytes, Stack size 16 bytes, lcd_driver.o(.text))
<BR><BR>[Stack]<UL><LI>Max Depth = 32<LI>Call Chain = cus_char &rArr; char_lcd &rArr; data_lcd
</UL>
<BR>[Calls]<UL><LI><a href="#[2e]">&gt;&gt;</a>&nbsp;&nbsp;&nbsp;char_lcd
</UL>
<BR>[Called By]<UL><LI><a href="#[36]">&gt;&gt;</a>&nbsp;&nbsp;&nbsp;cust_lcd
</UL>

<P><STRONG><a name="[54]"></a>ip_keypad</STRONG> (ARM, 232 bytes, Stack size 16 bytes, menu_new.o(.text))
<BR><BR>[Stack]<UL><LI>Max Depth = 56<LI>Call Chain = ip_keypad &rArr; int_lcd &rArr; char_lcd &rArr; data_lcd
</UL>
<BR>[Calls]<UL><LI><a href="#[43]">&gt;&gt;</a>&nbsp;&nbsp;&nbsp;__aeabi_idivmod
<LI><a href="#[53]">&gt;&gt;</a>&nbsp;&nbsp;&nbsp;key_val
<LI><a href="#[55]">&gt;&gt;</a>&nbsp;&nbsp;&nbsp;col_stat
<LI><a href="#[3f]">&gt;&gt;</a>&nbsp;&nbsp;&nbsp;string_lcd
<LI><a href="#[31]">&gt;&gt;</a>&nbsp;&nbsp;&nbsp;int_lcd
<LI><a href="#[2d]">&gt;&gt;</a>&nbsp;&nbsp;&nbsp;cmd_lcd
</UL>
<BR>[Called By]<UL><LI><a href="#[45]">&gt;&gt;</a>&nbsp;&nbsp;&nbsp;menu
</UL>

<P><STRONG><a name="[45]"></a>menu</STRONG> (ARM, 2120 bytes, Stack size 56 bytes, menu_new.o(.text))
<BR><BR>[Stack]<UL><LI>Max Depth = 144<LI>Call Chain = menu &rArr; update_data &rArr; esp01_sendToThingspeak &rArr; int_uart &rArr; __aeabi_idivmod
</UL>
<BR>[Calls]<UL><LI><a href="#[54]">&gt;&gt;</a>&nbsp;&nbsp;&nbsp;ip_keypad
<LI><a href="#[53]">&gt;&gt;</a>&nbsp;&nbsp;&nbsp;key_val
<LI><a href="#[55]">&gt;&gt;</a>&nbsp;&nbsp;&nbsp;col_stat
<LI><a href="#[49]">&gt;&gt;</a>&nbsp;&nbsp;&nbsp;string_uart
<LI><a href="#[44]">&gt;&gt;</a>&nbsp;&nbsp;&nbsp;update_data
<LI><a href="#[3f]">&gt;&gt;</a>&nbsp;&nbsp;&nbsp;string_lcd
<LI><a href="#[3e]">&gt;&gt;</a>&nbsp;&nbsp;&nbsp;set_week
<LI><a href="#[3c]">&gt;&gt;</a>&nbsp;&nbsp;&nbsp;set_time_info
<LI><a href="#[3d]">&gt;&gt;</a>&nbsp;&nbsp;&nbsp;set_date_info
<LI><a href="#[46]">&gt;&gt;</a>&nbsp;&nbsp;&nbsp;data_lcd
<LI><a href="#[31]">&gt;&gt;</a>&nbsp;&nbsp;&nbsp;int_lcd
<LI><a href="#[2d]">&gt;&gt;</a>&nbsp;&nbsp;&nbsp;cmd_lcd
<LI><a href="#[21]">&gt;&gt;</a>&nbsp;&nbsp;&nbsp;delay_ms
<LI><a href="#[1d]">&gt;&gt;</a>&nbsp;&nbsp;&nbsp;byte_write
</UL>
<BR>[Called By]<UL><LI><a href="#[b]">&gt;&gt;</a>&nbsp;&nbsp;&nbsp;main
</UL>

<P><STRONG><a name="[35]"></a>init_rtc</STRONG> (ARM, 40 bytes, Stack size 0 bytes, rtc.o(.text))
<BR><BR>[Called By]<UL><LI><a href="#[b]">&gt;&gt;</a>&nbsp;&nbsp;&nbsp;main
</UL>

<P><STRONG><a name="[3c]"></a>set_time_info</STRONG> (ARM, 32 bytes, Stack size 0 bytes, rtc.o(.text))
<BR><BR>[Called By]<UL><LI><a href="#[45]">&gt;&gt;</a>&nbsp;&nbsp;&nbsp;menu
<LI><a href="#[b]">&gt;&gt;</a>&nbsp;&nbsp;&nbsp;main
</UL>

<P><STRONG><a name="[3d]"></a>set_date_info</STRONG> (ARM, 32 bytes, Stack size 0 bytes, rtc.o(.text))
<BR><BR>[Called By]<UL><LI><a href="#[45]">&gt;&gt;</a>&nbsp;&nbsp;&nbsp;menu
<LI><a href="#[b]">&gt;&gt;</a>&nbsp;&nbsp;&nbsp;main
</UL>

<P><STRONG><a name="[3e]"></a>set_week</STRONG> (ARM, 16 bytes, Stack size 0 bytes, rtc.o(.text))
<BR><BR>[Called By]<UL><LI><a href="#[45]">&gt;&gt;</a>&nbsp;&nbsp;&nbsp;menu
<LI><a href="#[b]">&gt;&gt;</a>&nbsp;&nbsp;&nbsp;main
</UL>

<P><STRONG><a name="[41]"></a>get_info</STRONG> (ARM, 108 bytes, Stack size 12 bytes, rtc.o(.text))
<BR><BR>[Stack]<UL><LI>Max Depth = 12<LI>Call Chain = get_info
</UL>
<BR>[Called By]<UL><LI><a href="#[b]">&gt;&gt;</a>&nbsp;&nbsp;&nbsp;main
</UL>

<P><STRONG><a name="[42]"></a>display_info</STRONG> (ARM, 388 bytes, Stack size 40 bytes, rtc.o(.text))
<BR><BR>[Stack]<UL><LI>Max Depth = 80<LI>Call Chain = display_info &rArr; int_lcd &rArr; char_lcd &rArr; data_lcd
</UL>
<BR>[Calls]<UL><LI><a href="#[43]">&gt;&gt;</a>&nbsp;&nbsp;&nbsp;__aeabi_idivmod
<LI><a href="#[31]">&gt;&gt;</a>&nbsp;&nbsp;&nbsp;int_lcd
<LI><a href="#[2d]">&gt;&gt;</a>&nbsp;&nbsp;&nbsp;cmd_lcd
<LI><a href="#[2e]">&gt;&gt;</a>&nbsp;&nbsp;&nbsp;char_lcd
</UL>
<BR>[Called By]<UL><LI><a href="#[b]">&gt;&gt;</a>&nbsp;&nbsp;&nbsp;main
</UL>

<P><STRONG><a name="[3b]"></a>init_mq2</STRONG> (ARM, 24 bytes, Stack size 0 bytes, smoke.o(.text))
<BR><BR>[Called By]<UL><LI><a href="#[b]">&gt;&gt;</a>&nbsp;&nbsp;&nbsp;main
</UL>

<P><STRONG><a name="[33]"></a>init_uart</STRONG> (ARM, 76 bytes, Stack size 0 bytes, uart.o(.text))
<BR><BR>[Called By]<UL><LI><a href="#[b]">&gt;&gt;</a>&nbsp;&nbsp;&nbsp;main
</UL>

<P><STRONG><a name="[52]"></a>tx_uart</STRONG> (ARM, 32 bytes, Stack size 0 bytes, uart.o(.text))
<BR><BR>[Called By]<UL><LI><a href="#[59]">&gt;&gt;</a>&nbsp;&nbsp;&nbsp;disp_time
<LI><a href="#[56]">&gt;&gt;</a>&nbsp;&nbsp;&nbsp;float_uart
<LI><a href="#[49]">&gt;&gt;</a>&nbsp;&nbsp;&nbsp;string_uart
<LI><a href="#[51]">&gt;&gt;</a>&nbsp;&nbsp;&nbsp;int_uart
<LI><a href="#[50]">&gt;&gt;</a>&nbsp;&nbsp;&nbsp;esp01_sendToThingspeak
</UL>

<P><STRONG><a name="[90]"></a>rx_uart</STRONG> (ARM, 32 bytes, Stack size 0 bytes, uart.o(.text), UNUSED)

<P><STRONG><a name="[49]"></a>string_uart</STRONG> (ARM, 44 bytes, Stack size 4 bytes, uart.o(.text))
<BR><BR>[Stack]<UL><LI>Max Depth = 4<LI>Call Chain = string_uart
</UL>
<BR>[Calls]<UL><LI><a href="#[52]">&gt;&gt;</a>&nbsp;&nbsp;&nbsp;tx_uart
</UL>
<BR>[Called By]<UL><LI><a href="#[59]">&gt;&gt;</a>&nbsp;&nbsp;&nbsp;disp_time
<LI><a href="#[50]">&gt;&gt;</a>&nbsp;&nbsp;&nbsp;esp01_sendToThingspeak
<LI><a href="#[4f]">&gt;&gt;</a>&nbsp;&nbsp;&nbsp;esp01_connectAP_JOIN_AP
<LI><a href="#[4e]">&gt;&gt;</a>&nbsp;&nbsp;&nbsp;esp01_connectAP_QUIT_AP
<LI><a href="#[4d]">&gt;&gt;</a>&nbsp;&nbsp;&nbsp;esp01_connectAP_TCP_MODE
<LI><a href="#[4c]">&gt;&gt;</a>&nbsp;&nbsp;&nbsp;esp01_connectAP_ATE0
<LI><a href="#[48]">&gt;&gt;</a>&nbsp;&nbsp;&nbsp;esp01_connectAP_AT
<LI><a href="#[45]">&gt;&gt;</a>&nbsp;&nbsp;&nbsp;menu
</UL>

<P><STRONG><a name="[51]"></a>int_uart</STRONG> (ARM, 264 bytes, Stack size 24 bytes, uart.o(.text))
<BR><BR>[Stack]<UL><LI>Max Depth = 32<LI>Call Chain = int_uart &rArr; __aeabi_idivmod
</UL>
<BR>[Calls]<UL><LI><a href="#[43]">&gt;&gt;</a>&nbsp;&nbsp;&nbsp;__aeabi_idivmod
<LI><a href="#[52]">&gt;&gt;</a>&nbsp;&nbsp;&nbsp;tx_uart
</UL>
<BR>[Called By]<UL><LI><a href="#[59]">&gt;&gt;</a>&nbsp;&nbsp;&nbsp;disp_time
<LI><a href="#[56]">&gt;&gt;</a>&nbsp;&nbsp;&nbsp;float_uart
<LI><a href="#[50]">&gt;&gt;</a>&nbsp;&nbsp;&nbsp;esp01_sendToThingspeak
</UL>

<P><STRONG><a name="[56]"></a>float_uart</STRONG> (ARM, 100 bytes, Stack size 24 bytes, uart.o(.text), UNUSED)
<BR><BR>[Calls]<UL><LI><a href="#[2f]">&gt;&gt;</a>&nbsp;&nbsp;&nbsp;__aeabi_fmul
<LI><a href="#[57]">&gt;&gt;</a>&nbsp;&nbsp;&nbsp;__aeabi_i2f
<LI><a href="#[30]">&gt;&gt;</a>&nbsp;&nbsp;&nbsp;__aeabi_f2iz
<LI><a href="#[58]">&gt;&gt;</a>&nbsp;&nbsp;&nbsp;__aeabi_frsub
<LI><a href="#[52]">&gt;&gt;</a>&nbsp;&nbsp;&nbsp;tx_uart
<LI><a href="#[51]">&gt;&gt;</a>&nbsp;&nbsp;&nbsp;int_uart
</UL>

<P><STRONG><a name="[59]"></a>disp_time</STRONG> (ARM, 80 bytes, Stack size 16 bytes, uart.o(.text), UNUSED)
<BR><BR>[Calls]<UL><LI><a href="#[52]">&gt;&gt;</a>&nbsp;&nbsp;&nbsp;tx_uart
<LI><a href="#[49]">&gt;&gt;</a>&nbsp;&nbsp;&nbsp;string_uart
<LI><a href="#[51]">&gt;&gt;</a>&nbsp;&nbsp;&nbsp;int_uart
</UL>

<P><STRONG><a name="[5a]"></a>uart_rx</STRONG> (ARM, 136 bytes, Stack size 16 bytes, uart_main.o(.text))
<BR><BR>[Stack]<UL><LI>Max Depth = 16<LI>Call Chain = uart_rx
</UL>
<BR>[Address Reference Count : 1]<UL><LI> uart_main.o(.text)
</UL>
<P><STRONG><a name="[39]"></a>init_inter</STRONG> (ARM, 52 bytes, Stack size 0 bytes, uart_main.o(.text))
<BR><BR>[Called By]<UL><LI><a href="#[b]">&gt;&gt;</a>&nbsp;&nbsp;&nbsp;main
</UL>

<P><STRONG><a name="[4b]"></a>strstr</STRONG> (Thumb, 42 bytes, Stack size 8 bytes, strstr.o(.text))
<BR><BR>[Stack]<UL><LI>Max Depth = 8<LI>Call Chain = strstr
</UL>
<BR>[Called By]<UL><LI><a href="#[50]">&gt;&gt;</a>&nbsp;&nbsp;&nbsp;esp01_sendToThingspeak (via Veneer)
<LI><a href="#[4f]">&gt;&gt;</a>&nbsp;&nbsp;&nbsp;esp01_connectAP_JOIN_AP (via Veneer)
<LI><a href="#[4e]">&gt;&gt;</a>&nbsp;&nbsp;&nbsp;esp01_connectAP_QUIT_AP (via Veneer)
<LI><a href="#[4d]">&gt;&gt;</a>&nbsp;&nbsp;&nbsp;esp01_connectAP_TCP_MODE (via Veneer)
<LI><a href="#[4c]">&gt;&gt;</a>&nbsp;&nbsp;&nbsp;esp01_connectAP_ATE0 (via Veneer)
<LI><a href="#[48]">&gt;&gt;</a>&nbsp;&nbsp;&nbsp;esp01_connectAP_AT (via Veneer)
</UL>

<P><STRONG><a name="[4a]"></a>__aeabi_memclr</STRONG> (ARM, 0 bytes, Stack size 0 bytes, rt_memclr.o(.text))
<BR><BR>[Called By]<UL><LI><a href="#[50]">&gt;&gt;</a>&nbsp;&nbsp;&nbsp;esp01_sendToThingspeak
<LI><a href="#[4f]">&gt;&gt;</a>&nbsp;&nbsp;&nbsp;esp01_connectAP_JOIN_AP
<LI><a href="#[4e]">&gt;&gt;</a>&nbsp;&nbsp;&nbsp;esp01_connectAP_QUIT_AP
<LI><a href="#[4d]">&gt;&gt;</a>&nbsp;&nbsp;&nbsp;esp01_connectAP_TCP_MODE
<LI><a href="#[4c]">&gt;&gt;</a>&nbsp;&nbsp;&nbsp;esp01_connectAP_ATE0
<LI><a href="#[48]">&gt;&gt;</a>&nbsp;&nbsp;&nbsp;esp01_connectAP_AT
</UL>

<P><STRONG><a name="[5b]"></a>__rt_memclr</STRONG> (ARM, 64 bytes, Stack size 0 bytes, rt_memclr.o(.text), UNUSED)
<BR><BR>[Calls]<UL><LI><a href="#[5c]">&gt;&gt;</a>&nbsp;&nbsp;&nbsp;_memset_w
</UL>

<P><STRONG><a name="[91]"></a>_memset</STRONG> (ARM, 0 bytes, Stack size unknown bytes, rt_memclr.o(.text), UNUSED)

<P><STRONG><a name="[92]"></a>__aeabi_idiv</STRONG> (ARM, 0 bytes, Stack size 8 bytes, aeabi_sdiv.o(.text), UNUSED)

<P><STRONG><a name="[43]"></a>__aeabi_idivmod</STRONG> (ARM, 384 bytes, Stack size 8 bytes, aeabi_sdiv.o(.text))
<BR><BR>[Stack]<UL><LI>Max Depth = 8<LI>Call Chain = __aeabi_idivmod
</UL>
<BR>[Called By]<UL><LI><a href="#[54]">&gt;&gt;</a>&nbsp;&nbsp;&nbsp;ip_keypad
<LI><a href="#[51]">&gt;&gt;</a>&nbsp;&nbsp;&nbsp;int_uart
<LI><a href="#[50]">&gt;&gt;</a>&nbsp;&nbsp;&nbsp;esp01_sendToThingspeak
<LI><a href="#[42]">&gt;&gt;</a>&nbsp;&nbsp;&nbsp;display_info
<LI><a href="#[b]">&gt;&gt;</a>&nbsp;&nbsp;&nbsp;main
<LI><a href="#[31]">&gt;&gt;</a>&nbsp;&nbsp;&nbsp;int_lcd
</UL>

<P><STRONG><a name="[93]"></a>__use_two_region_memory</STRONG> (Thumb, 2 bytes, Stack size 0 bytes, heapauxi.o(.text), UNUSED)

<P><STRONG><a name="[94]"></a>__rt_heap_escrow$2region</STRONG> (Thumb, 2 bytes, Stack size 0 bytes, heapauxi.o(.text), UNUSED)

<P><STRONG><a name="[95]"></a>__rt_heap_expand$2region</STRONG> (Thumb, 2 bytes, Stack size 0 bytes, heapauxi.o(.text), UNUSED)

<P><STRONG><a name="[96]"></a>__aeabi_memclr4</STRONG> (ARM, 0 bytes, Stack size 4 bytes, rt_memclr_w.o(.text), UNUSED)

<P><STRONG><a name="[97]"></a>__aeabi_memclr8</STRONG> (ARM, 0 bytes, Stack size 4 bytes, rt_memclr_w.o(.text), UNUSED)

<P><STRONG><a name="[98]"></a>__rt_memclr_w</STRONG> (ARM, 84 bytes, Stack size 4 bytes, rt_memclr_w.o(.text), UNUSED)

<P><STRONG><a name="[5c]"></a>_memset_w</STRONG> (ARM, 0 bytes, Stack size unknown bytes, rt_memclr_w.o(.text), UNUSED)
<BR><BR>[Called By]<UL><LI><a href="#[5b]">&gt;&gt;</a>&nbsp;&nbsp;&nbsp;__rt_memclr
</UL>

<P><STRONG><a name="[15]"></a>__user_setup_stackheap</STRONG> (ARM, 96 bytes, Stack size 8 bytes, sys_stackheap_outer.o(.text))
<BR><BR>[Stack]<UL><LI>Max Depth = 8 + Unknown Stack Size
<LI>Call Chain = __user_setup_stackheap
</UL>
<BR>[Calls]<UL><LI><a href="#[5d]">&gt;&gt;</a>&nbsp;&nbsp;&nbsp;__user_perproc_libspace
<LI><a href="#[5e]">&gt;&gt;</a>&nbsp;&nbsp;&nbsp;__user_initial_stackheap
</UL>
<BR>[Called By]<UL><LI><a href="#[14]">&gt;&gt;</a>&nbsp;&nbsp;&nbsp;__rt_entry_sh
</UL>

<P><STRONG><a name="[18]"></a>exit</STRONG> (Thumb, 12 bytes, Stack size 0 bytes, exit.o(.text))
<BR><BR>[Calls]<UL><LI><a href="#[60]">&gt;&gt;</a>&nbsp;&nbsp;&nbsp;__rt_exit (via Veneer)
<LI><a href="#[5f]">&gt;&gt;</a>&nbsp;&nbsp;&nbsp;_call_atexit_fns (Weak Reference)
</UL>
<BR>[Called By]<UL><LI><a href="#[17]">&gt;&gt;</a>&nbsp;&nbsp;&nbsp;__rt_entry_main
</UL>

<P><STRONG><a name="[99]"></a>__user_libspace</STRONG> (ARM, 12 bytes, Stack size 0 bytes, libspace.o(.text), UNUSED)

<P><STRONG><a name="[5d]"></a>__user_perproc_libspace</STRONG> (ARM, 0 bytes, Stack size 0 bytes, libspace.o(.text))
<BR><BR>[Called By]<UL><LI><a href="#[15]">&gt;&gt;</a>&nbsp;&nbsp;&nbsp;__user_setup_stackheap
</UL>

<P><STRONG><a name="[9a]"></a>__user_perthread_libspace</STRONG> (ARM, 0 bytes, Stack size 0 bytes, libspace.o(.text), UNUSED)

<P><STRONG><a name="[1c]"></a>_sys_exit</STRONG> (Thumb, 8 bytes, Stack size 0 bytes, sys_exit.o(.text))
<BR><BR>[Called By]<UL><LI><a href="#[1b]">&gt;&gt;</a>&nbsp;&nbsp;&nbsp;__rt_exit_exit (via Veneer)
</UL>

<P><STRONG><a name="[6b]"></a>__rt_fp_status_addr</STRONG> (ARM, 16 bytes, Stack size 0 bytes, rt_fp_status_addr_intlibspace.o(.text))
<BR><BR>[Called By]<UL><LI><a href="#[13]">&gt;&gt;</a>&nbsp;&nbsp;&nbsp;_fp_init
</UL>

<P><STRONG><a name="[9b]"></a>__I$use$semihosting</STRONG> (ARM, 0 bytes, Stack size 0 bytes, use_no_semi.o(.text), UNUSED)

<P><STRONG><a name="[9c]"></a>__use_no_semihosting_swi</STRONG> (ARM, 4 bytes, Stack size 0 bytes, use_no_semi.o(.text), UNUSED)

<P><STRONG><a name="[2b]"></a>__aeabi_d2f</STRONG> (ARM, 0 bytes, Stack size 32 bytes, d2f.o(x$fpl$d2f))
<BR><BR>[Stack]<UL><LI>Max Depth = 32<LI>Call Chain = __aeabi_d2f
</UL>
<BR>[Called By]<UL><LI><a href="#[28]">&gt;&gt;</a>&nbsp;&nbsp;&nbsp;read_adc
</UL>

<P><STRONG><a name="[61]"></a>_d2f</STRONG> (ARM, 108 bytes, Stack size 32 bytes, d2f.o(x$fpl$d2f), UNUSED)
<BR><BR>[Calls]<UL><LI><a href="#[62]">&gt;&gt;</a>&nbsp;&nbsp;&nbsp;__fpl_fretinf
<LI><a href="#[63]">&gt;&gt;</a>&nbsp;&nbsp;&nbsp;__fpl_dnaninf
</UL>

<P><STRONG><a name="[29]"></a>__aeabi_i2d</STRONG> (ARM, 0 bytes, Stack size 0 bytes, dflt_noclz.o(x$fpl$dflt))
<BR><BR>[Called By]<UL><LI><a href="#[28]">&gt;&gt;</a>&nbsp;&nbsp;&nbsp;read_adc
</UL>

<P><STRONG><a name="[9d]"></a>_dflt</STRONG> (ARM, 88 bytes, Stack size 0 bytes, dflt_noclz.o(x$fpl$dflt), UNUSED)

<P><STRONG><a name="[9e]"></a>__dflt_normalise</STRONG> (ARM, 0 bytes, Stack size unknown bytes, dflt_noclz.o(x$fpl$dflt), UNUSED)

<P><STRONG><a name="[2a]"></a>__aeabi_dmul</STRONG> (ARM, 0 bytes, Stack size 32 bytes, dmul.o(x$fpl$dmul))
<BR><BR>[Stack]<UL><LI>Max Depth = 32<LI>Call Chain = __aeabi_dmul
</UL>
<BR>[Called By]<UL><LI><a href="#[28]">&gt;&gt;</a>&nbsp;&nbsp;&nbsp;read_adc
</UL>

<P><STRONG><a name="[64]"></a>_dmul</STRONG> (ARM, 372 bytes, Stack size 32 bytes, dmul.o(x$fpl$dmul), UNUSED)
<BR><BR>[Calls]<UL><LI><a href="#[65]">&gt;&gt;</a>&nbsp;&nbsp;&nbsp;__fpl_dretinf
<LI><a href="#[63]">&gt;&gt;</a>&nbsp;&nbsp;&nbsp;__fpl_dnaninf
</UL>

<P><STRONG><a name="[63]"></a>__fpl_dnaninf</STRONG> (ARM, 192 bytes, Stack size 16 bytes, dnaninf.o(x$fpl$dnaninf), UNUSED)
<BR><BR>[Called By]<UL><LI><a href="#[64]">&gt;&gt;</a>&nbsp;&nbsp;&nbsp;_dmul
<LI><a href="#[61]">&gt;&gt;</a>&nbsp;&nbsp;&nbsp;_d2f
</UL>

<P><STRONG><a name="[65]"></a>__fpl_dretinf</STRONG> (ARM, 16 bytes, Stack size 0 bytes, dretinf.o(x$fpl$dretinf), UNUSED)
<BR><BR>[Called By]<UL><LI><a href="#[64]">&gt;&gt;</a>&nbsp;&nbsp;&nbsp;_dmul
</UL>

<P><STRONG><a name="[9f]"></a>__aeabi_fadd</STRONG> (ARM, 0 bytes, Stack size 16 bytes, faddsub_noclz.o(x$fpl$fadd), UNUSED)

<P><STRONG><a name="[66]"></a>_fadd</STRONG> (ARM, 196 bytes, Stack size 16 bytes, faddsub_noclz.o(x$fpl$fadd), UNUSED)
<BR><BR>[Calls]<UL><LI><a href="#[62]">&gt;&gt;</a>&nbsp;&nbsp;&nbsp;__fpl_fretinf
<LI><a href="#[68]">&gt;&gt;</a>&nbsp;&nbsp;&nbsp;__fpl_fnaninf
<LI><a href="#[67]">&gt;&gt;</a>&nbsp;&nbsp;&nbsp;_fsub1
</UL>

<P><STRONG><a name="[30]"></a>__aeabi_f2iz</STRONG> (ARM, 0 bytes, Stack size 16 bytes, ffix.o(x$fpl$ffix))
<BR><BR>[Stack]<UL><LI>Max Depth = 16<LI>Call Chain = __aeabi_f2iz
</UL>
<BR>[Called By]<UL><LI><a href="#[56]">&gt;&gt;</a>&nbsp;&nbsp;&nbsp;float_uart
<LI><a href="#[b]">&gt;&gt;</a>&nbsp;&nbsp;&nbsp;main
<LI><a href="#[2c]">&gt;&gt;</a>&nbsp;&nbsp;&nbsp;temp_display
</UL>

<P><STRONG><a name="[69]"></a>_ffix</STRONG> (ARM, 68 bytes, Stack size 16 bytes, ffix.o(x$fpl$ffix), UNUSED)
<BR><BR>[Calls]<UL><LI><a href="#[68]">&gt;&gt;</a>&nbsp;&nbsp;&nbsp;__fpl_fnaninf
</UL>

<P><STRONG><a name="[57]"></a>__aeabi_i2f</STRONG> (ARM, 0 bytes, Stack size 0 bytes, fflt_noclz.o(x$fpl$fflt), UNUSED)
<BR><BR>[Called By]<UL><LI><a href="#[56]">&gt;&gt;</a>&nbsp;&nbsp;&nbsp;float_uart
</UL>

<P><STRONG><a name="[a0]"></a>_fflt</STRONG> (ARM, 92 bytes, Stack size 0 bytes, fflt_noclz.o(x$fpl$fflt), UNUSED)

<P><STRONG><a name="[a1]"></a>__fflt_normalise</STRONG> (ARM, 0 bytes, Stack size unknown bytes, fflt_noclz.o(x$fpl$fflt), UNUSED)

<P><STRONG><a name="[2f]"></a>__aeabi_fmul</STRONG> (ARM, 0 bytes, Stack size 16 bytes, fmul.o(x$fpl$fmul))
<BR><BR>[Stack]<UL><LI>Max Depth = 16<LI>Call Chain = __aeabi_fmul
</UL>
<BR>[Called By]<UL><LI><a href="#[56]">&gt;&gt;</a>&nbsp;&nbsp;&nbsp;float_uart
<LI><a href="#[b]">&gt;&gt;</a>&nbsp;&nbsp;&nbsp;main
<LI><a href="#[2c]">&gt;&gt;</a>&nbsp;&nbsp;&nbsp;temp_display
</UL>

<P><STRONG><a name="[6a]"></a>_fmul</STRONG> (ARM, 256 bytes, Stack size 16 bytes, fmul.o(x$fpl$fmul), UNUSED)
<BR><BR>[Calls]<UL><LI><a href="#[62]">&gt;&gt;</a>&nbsp;&nbsp;&nbsp;__fpl_fretinf
<LI><a href="#[68]">&gt;&gt;</a>&nbsp;&nbsp;&nbsp;__fpl_fnaninf
</UL>

<P><STRONG><a name="[68]"></a>__fpl_fnaninf</STRONG> (ARM, 168 bytes, Stack size 8 bytes, fnaninf.o(x$fpl$fnaninf), UNUSED)
<BR><BR>[Called By]<UL><LI><a href="#[6a]">&gt;&gt;</a>&nbsp;&nbsp;&nbsp;_fmul
<LI><a href="#[69]">&gt;&gt;</a>&nbsp;&nbsp;&nbsp;_ffix
<LI><a href="#[6e]">&gt;&gt;</a>&nbsp;&nbsp;&nbsp;_fsub
<LI><a href="#[66]">&gt;&gt;</a>&nbsp;&nbsp;&nbsp;_fadd
</UL>

<P><STRONG><a name="[13]"></a>_fp_init</STRONG> (ARM, 24 bytes, Stack size 8 bytes, fpinit.o(x$fpl$fpinit))
<BR><BR>[Stack]<UL><LI>Max Depth = 8<LI>Call Chain = _fp_init
</UL>
<BR>[Calls]<UL><LI><a href="#[6b]">&gt;&gt;</a>&nbsp;&nbsp;&nbsp;__rt_fp_status_addr
</UL>
<BR>[Called By]<UL><LI><a href="#[12]">&gt;&gt;</a>&nbsp;&nbsp;&nbsp;__rt_lib_init (via Veneer)
</UL>

<P><STRONG><a name="[a2]"></a>__fplib_config_pureend_doubles</STRONG> (ARM, 0 bytes, Stack size unknown bytes, fpinit.o(x$fpl$fpinit), UNUSED)

<P><STRONG><a name="[62]"></a>__fpl_fretinf</STRONG> (ARM, 16 bytes, Stack size 0 bytes, fretinf.o(x$fpl$fretinf), UNUSED)
<BR><BR>[Called By]<UL><LI><a href="#[6a]">&gt;&gt;</a>&nbsp;&nbsp;&nbsp;_fmul
<LI><a href="#[66]">&gt;&gt;</a>&nbsp;&nbsp;&nbsp;_fadd
<LI><a href="#[61]">&gt;&gt;</a>&nbsp;&nbsp;&nbsp;_d2f
</UL>

<P><STRONG><a name="[58]"></a>__aeabi_frsub</STRONG> (ARM, 0 bytes, Stack size 0 bytes, faddsub_noclz.o(x$fpl$frsb), UNUSED)
<BR><BR>[Called By]<UL><LI><a href="#[56]">&gt;&gt;</a>&nbsp;&nbsp;&nbsp;float_uart
</UL>

<P><STRONG><a name="[6c]"></a>_frsb</STRONG> (ARM, 20 bytes, Stack size 0 bytes, faddsub_noclz.o(x$fpl$frsb), UNUSED)
<BR><BR>[Calls]<UL><LI><a href="#[67]">&gt;&gt;</a>&nbsp;&nbsp;&nbsp;_fsub1
<LI><a href="#[6d]">&gt;&gt;</a>&nbsp;&nbsp;&nbsp;_fadd1
</UL>

<P><STRONG><a name="[a3]"></a>__aeabi_fsub</STRONG> (ARM, 0 bytes, Stack size 16 bytes, faddsub_noclz.o(x$fpl$fsub), UNUSED)

<P><STRONG><a name="[6e]"></a>_fsub</STRONG> (ARM, 304 bytes, Stack size 16 bytes, faddsub_noclz.o(x$fpl$fsub), UNUSED)
<BR><BR>[Calls]<UL><LI><a href="#[68]">&gt;&gt;</a>&nbsp;&nbsp;&nbsp;__fpl_fnaninf
<LI><a href="#[6d]">&gt;&gt;</a>&nbsp;&nbsp;&nbsp;_fadd1
</UL>

<P><STRONG><a name="[a4]"></a>__I$use$fp</STRONG> (ARM, 0 bytes, Stack size unknown bytes, usenofp.o(x$fpl$usenofp), UNUSED)
<P>
<H3>
Local Symbols
</H3>
<P><STRONG><a name="[4]"></a>Undef_Handler</STRONG> (ARM, 4 bytes, Stack size unknown bytes, startup.o(RESET))
<BR><BR>[Calls]<UL><LI><a href="#[4]">&gt;&gt;</a>&nbsp;&nbsp;&nbsp;Undef_Handler
</UL>
<BR>[Called By]<UL><LI><a href="#[4]">&gt;&gt;</a>&nbsp;&nbsp;&nbsp;Undef_Handler
</UL>
<BR>[Address Reference Count : 1]<UL><LI> startup.o(RESET)
</UL>
<P><STRONG><a name="[5]"></a>SWI_Handler</STRONG> (ARM, 4 bytes, Stack size unknown bytes, startup.o(RESET))
<BR><BR>[Calls]<UL><LI><a href="#[5]">&gt;&gt;</a>&nbsp;&nbsp;&nbsp;SWI_Handler
</UL>
<BR>[Called By]<UL><LI><a href="#[5]">&gt;&gt;</a>&nbsp;&nbsp;&nbsp;SWI_Handler
</UL>
<BR>[Address Reference Count : 1]<UL><LI> startup.o(RESET)
</UL>
<P><STRONG><a name="[6]"></a>PAbt_Handler</STRONG> (ARM, 4 bytes, Stack size unknown bytes, startup.o(RESET))
<BR><BR>[Calls]<UL><LI><a href="#[6]">&gt;&gt;</a>&nbsp;&nbsp;&nbsp;PAbt_Handler
</UL>
<BR>[Called By]<UL><LI><a href="#[6]">&gt;&gt;</a>&nbsp;&nbsp;&nbsp;PAbt_Handler
</UL>
<BR>[Address Reference Count : 1]<UL><LI> startup.o(RESET)
</UL>
<P><STRONG><a name="[7]"></a>DAbt_Handler</STRONG> (ARM, 4 bytes, Stack size unknown bytes, startup.o(RESET))
<BR><BR>[Calls]<UL><LI><a href="#[7]">&gt;&gt;</a>&nbsp;&nbsp;&nbsp;DAbt_Handler
</UL>
<BR>[Called By]<UL><LI><a href="#[7]">&gt;&gt;</a>&nbsp;&nbsp;&nbsp;DAbt_Handler
</UL>
<BR>[Address Reference Count : 1]<UL><LI> startup.o(RESET)
</UL>
<P><STRONG><a name="[8]"></a>IRQ_Handler</STRONG> (ARM, 4 bytes, Stack size unknown bytes, startup.o(RESET))
<BR><BR>[Calls]<UL><LI><a href="#[8]">&gt;&gt;</a>&nbsp;&nbsp;&nbsp;IRQ_Handler
</UL>
<BR>[Called By]<UL><LI><a href="#[8]">&gt;&gt;</a>&nbsp;&nbsp;&nbsp;IRQ_Handler
</UL>
<BR>[Address Reference Count : 1]<UL><LI> startup.o(RESET)
</UL>
<P><STRONG><a name="[9]"></a>FIQ_Handler</STRONG> (ARM, 4 bytes, Stack size unknown bytes, startup.o(RESET))
<BR><BR>[Calls]<UL><LI><a href="#[9]">&gt;&gt;</a>&nbsp;&nbsp;&nbsp;FIQ_Handler
</UL>
<BR>[Called By]<UL><LI><a href="#[9]">&gt;&gt;</a>&nbsp;&nbsp;&nbsp;FIQ_Handler
</UL>
<BR>[Address Reference Count : 1]<UL><LI> startup.o(RESET)
</UL>
<P><STRONG><a name="[6d]"></a>_fadd1</STRONG> (ARM, 0 bytes, Stack size unknown bytes, faddsub_noclz.o(x$fpl$fadd), UNUSED)
<BR><BR>[Called By]<UL><LI><a href="#[6e]">&gt;&gt;</a>&nbsp;&nbsp;&nbsp;_fsub
<LI><a href="#[6c]">&gt;&gt;</a>&nbsp;&nbsp;&nbsp;_frsb
</UL>

<P><STRONG><a name="[67]"></a>_fsub1</STRONG> (ARM, 0 bytes, Stack size unknown bytes, faddsub_noclz.o(x$fpl$fsub), UNUSED)
<BR><BR>[Called By]<UL><LI><a href="#[6c]">&gt;&gt;</a>&nbsp;&nbsp;&nbsp;_frsb
<LI><a href="#[66]">&gt;&gt;</a>&nbsp;&nbsp;&nbsp;_fadd
</UL>
<P>
<H3>
Undefined Global Symbols
</H3>
<P><STRONG><a name="[5f]"></a>_call_atexit_fns</STRONG> (ARM, 0 bytes, Stack size 0 bytes, UNDEFINED)
<BR><BR>[Called By]<UL><LI><a href="#[18]">&gt;&gt;</a>&nbsp;&nbsp;&nbsp;exit
</UL>
<HR></body></html>
